============================================================
ZTNAS Student API Test
============================================================

[TEST] Login as student1...
Status: 200
Response: {"access_token":"eyJhbGciOiJIUzI1NiIsInR5cCI6IkpXVCJ9.eyJzdWIiOiIxIiwiZW1haWwiOiJzdHVkZW50MUBjb2xsZWdlLmVkdSIsInVzZXJuYW1lIjoic3R1ZGVudDEiLCJyb2xlcyI6WyJzdHVkZW50Il0sImV4cCI6MTc3NDgwNDY4MiwidHlwZSI6Im
python : Traceback (most recent call last):
At line:1 char:32
+ ... s\backend ; python test_student_apis.py > test_output.log 2>&1 ; Get- ...
+                 ~~~~~~~~~~~~~~~~~~~~~~~~~~~~~~~~~~~~~~~~~~~~~~~~~~
    + CategoryInfo          : NotSpecified: (Traceback (most recent call last) 
   ::String) [], RemoteException
    + FullyQualifiedErrorId : NativeCommandError
 
  File "D:\projects\ztnas\backend\test_student_apis.py", line 21, in <module>
    print(f"\u2713 Token received: {access_token[:30]}...")
    ~~~~~^^^^^^^^^^^^^^^^^^^^^^^^^^^^^^^^^^^^^^^^^^^^^
  File "C:\Users\Unknown\AppData\Local\Programs\Python\Python314\Lib\encodings\
cp1252.py", line 19, in encode
    return codecs.charmap_encode(input,self.errors,encoding_table)[0]
           ~~~~~~~~~~~~~~~~~~~~~^^^^^^^^^^^^^^^^^^^^^^^^^^^^^^^^^^
UnicodeEncodeError: 'charmap' codec can't encode character '\u2713' in 
position 0: character maps to <undefined>
