python : C:\Users\Unknown\AppData\Local\Programs\Python\Python314\python.exe: 
can't open file 'D:\\projects\\ztnas\\backend\\test_login.py': [Errno 2] No 
such file or directory
At line:1 char:1
+ python test_login.py > test_output.txt 2>&1 ; Get-Content test_output ...
+ ~~~~~~~~~~~~~~~~~~~~~~~~~~~~~~~~~~~~~~~~~~~
    + CategoryInfo          : NotSpecified: (C:\Users\Unknow...le or directory 
   :String) [], RemoteException
    + FullyQualifiedErrorId : NativeCommandError
 
